MPASM  5.11                        TEST_1.ASM   6-26-2007  11:00:54         PAGE  1


LOC  OBJECT CODE     LINE SOURCE TEXT
  VALUE

                      00001         Processor 12F675
                      00002 
                      00003 ; ********************************************************************************************
                      00004 ; **************************  LED-Wall Power  ******************************************
                      00005 ; ********************************************************************************************
                      00006 ;21.06.2007     
                      00007 ;       -Versuch mit diesem PIC eine zentrale Oberspannung zu erzeugen
                      00008 ;
                      00009 ; ********************************************************************************************
                      00010         LIST P=12F675
                      00011 ; ********************************************************************************************
                      00012 #define W               00
                      00013 #define C               00
                      00014 #define Z               02
                      00015 #define F               01
                      00016 #define TMR0            01
                      00017 #define PCL             02
                      00018 #define STATUS          03
                      00019 #define FSR             04
                      00020 #define GPIO            05
                      00021 #define PCLATH          0A
                      00022 #define INTCON          0B
                      00023 #define PIR1            0C
                      00024 #define PIE1            0C
                      00025 #define TMR1L           0E
                      00026 #define TMR1H           0F
                      00027 #define T1CON           10      ; T1Con Register
                      00028 #define CMCON           19      
                      00029 #define ADRESH          1E
                      00030 #define ADCON0          1F
                      00031 
                      00032 ; ab hier Bank 1
                      00033 #define OPTION_REG      01
                      00034 #define TRIS0           05
                      00035 #define OSCCAL          10      ; Oszi. 90H
                      00036 #define VRCON           19
                      00037 #define ADRESL          1E
                      00038 #define ANSEL           1F
                      00039 
                      00040 ; ab hier Register 20 .. 5F
                      00041 #define Flag_ON         20,0
                      00042 #define Stellwert       21
                      00043 #define Periode1        22
                      00044 #define Periode2        23
                      00045 #define Merker          24
                      00046 #define Stellwert_S     25
                      00047 #define Zaehler         26
                      00048 
                      00049 
                      00050 #define W_TEMP          5D
                      00051 #define STATUS_TEMP     5E
                      00052 #define PCLATH_TEMP     5F
                      00053 
MPASM  5.11                        TEST_1.ASM   6-26-2007  11:00:54         PAGE  2


LOC  OBJECT CODE     LINE SOURCE TEXT
  VALUE

                      00054 #define Spannung        b'00000001'
                      00055 #define Temperatur      b'10001101'
                      00056 
                      00057 #define Wert1           d'255'
                      00058 #define Wert2           d'1'
                      00059 
                      00060 ; ********************************************************************************************
                      00061 ; ********************************************************************************************
                      00062 ;12F675-Configs---------------------------------------------------------------------
2000   000A 000A 000A 00063         __IDLOCS        H'AAAA' ;       User ID
       000A 
                      00064 ;-----------------------------------------------------------------------------------
                      00065 ;
2007   1104           00066         __CONFIG  B'01000100000100'
                      00067 ;                   ||||||||||||||
                      00068 ;                   |||||||||||+++---FOSC 111=RC R+C an GP5, GP4=CLKOUT
                      00069 ;                   |||||||||||+++---FOSC 110=RC R+C an GP5
                      00070 ;                   |||||||||||+++---FOSC 101=INTOSC GP4=CLKOUT
                      00071 ;                   |||||||||||+++---FOSC 100=INTOSC
                      00072 ;                   |||||||||||+++---FOSC 011=EC
                      00073 ;                   |||||||||||+++---FOSC 010=HS        ***
                      00074 ;                   |||||||||||+++---FOSC 001=XT
                      00075 ;                   |||||||||||+++---FOSC 000=LP
                      00076 ;                   |||||||||||     
                      00077 ;                   ||||||||||+------WDTE 0=disa 1=ena
                      00078 ;                   |||||||||+-------PWRT 0=ena  1=disa
                      00079 ;                   ||||||||+--------MCLR 0=din  1=ena
                      00080 ;                   |||||||+---------BOR  0=disa 1=ena
                      00081 ;                   ||||||+----------CP   0=prod 1=CPF off
                      00082 ;                   |||||+-----------CPD  0=prod 1=CPD off
                      00083 ;                   ||+++------------
                      00084 ;                   |+---------------BG0
                      00085 ;                   +----------------BG1
                      00086 ;
                      00087 ;
                      00088 ;-----------------------------------------------------------------------------------
                      00089 ;=============================================================================================
                      00090 ; PROGRAMM
                      00091 ;=============================================================================================
                      00092 
0000   0000           00093         NOP
0001   0183           00094         clrf    STATUS
0002   2805           00095         goto    start
                      00096 
                      00097 ; ********************************************************************************************
                      00098 ; ********************       ISR     *********************************************************
                      00099 ; ********************************************************************************************
0004                  00100         org     004
                      00101 ; ********************************************************************************************
                      00102 
0004   0009           00103         RETFIE                  ; sofort zurück nach INT
                      00104 
                      00105 ; ********************************************************************************************
MPASM  5.11                        TEST_1.ASM   6-26-2007  11:00:54         PAGE  3


LOC  OBJECT CODE     LINE SOURCE TEXT
  VALUE

                      00106 ; ************** Initialisierung beginnt hier *******************
                      00107 ; ********************************************************************************************
                      00108 
0005                  00109 start
0005   0064           00110         clrwdt
0006   0000           00111         nop
                      00112 
                      00113 ;=============================================================================================
                      00114 ; Register 20H bis 7FH löschen
                      00115 ;=============================================================================================
0007   3020           00116         movlw   20      ; beginne bei Register 20H
0008   0084           00117         movwf   FSR     ; FSR
                      00118 
0009   0180           00119         clrf    0
000A   0A84           00120         incf    FSR, F
                      00121 
000B   3060           00122         movlw   0x60
000C   0204           00123         subwf   FSR, W
000D   1D03           00124         btfss   STATUS, Z
000E   2809           00125         goto    $-5
                      00126 
                      00127 ;=============================================================================================
                      00128 ; INIT Ports, OPTIN, INTCON
                      00129 ;=============================================================================================
                      00130 
000F   1683           00131         bsf     STATUS, 5
0010   3080           00132         movlw   0x80            ; Center Frequenz
0011   0090           00133         movwf   OSCCAL
0012   300F           00134         movlw   b'00001111'
0013   0081           00135         movwf   OPTION_REG
0014   1283           00136         bcf     STATUS, 5
                      00137 
0015   3000           00138         movlw   b'00000000'
0016   008B           00139         movwf   INTCON
                      00140 
0017   3000           00141         movlw   b'00000000'
0018   0090           00142         movwf   T1CON
                      00143 
0019   0185           00144         clrf    GPIO
001A   1683           00145         bsf     STATUS, 5
001B   3000           00146         movlw   b'00000000'
001C   008C           00147         movwf   PIE1
001D   30DB           00148         movlw   b'11011011'
001E   0085           00149         movwf   TRIS0
001F   1283           00150         bcf     STATUS, 5
0020   0185           00151         clrf    GPIO
                      00152 
0021   3004           00153         movlw   b'00000100'     ; Comparator GP1=-IN, int. CVref
0022   0099           00154         movwf   CMCON
                      00155 
0023   1683           00156         bsf     STATUS, 5
0024   30A3           00157         movlw   0xA3            ; 0,6V
0025   0099           00158         movwf   VRCON
MPASM  5.11                        TEST_1.ASM   6-26-2007  11:00:54         PAGE  4


LOC  OBJECT CODE     LINE SOURCE TEXT
  VALUE

                      00159 
0026   3028           00160         movlw   b'00101000'
0027   009F           00161         movwf   ANSEL
0028   1283           00162         bcf     STATUS, 5
                      00163 
0029   3099           00164         movlw   b'10011001'
002A   009F           00165         movwf   ADCON0
                      00166 
                      00167 
002B   30FF           00168         movlw   Wert1
002C   00A1           00169         movwf   Stellwert
                      00170 
                      00171 ;***************************************************************************************************
                      00172 ;***************************************************************************************************
                      00173 
                      00174 ; %%%%%%%%%%%%%%%%%%%%%%%%%%%%%%%%%%%%%%%%%%
                      00175 ; %%%%%% Hauptprogramm LOOP Begin  %%%%%%%%%
                      00176 ; %%%%%%%%%%%%%%%%%%%%%%%%%%%%%%%%%%%%%%%%%%
                      00177 
002D                  00178 main
002D   1505           00179         bsf     GPIO, 2         ; Schalttransistor
002E   0064           00180         clrwdt
002F   0000           00181         nop
0030   0000           00182         nop
0031   0000           00183         nop
0032   0000           00184         nop
0033   0000           00185         nop
0034   1105           00186         bcf     GPIO, 2         ; wieder abschalten 
0035   0000           00187         nop
0036   0000           00188         nop
0037   282D           00189         goto    main
                      00190 
                      00191 ;***************************************************************************************************
0038                  00192 read_T
0038   308D           00193         movlw   Temperatur
0039   009F           00194         movwf   ADCON0
003A   0000           00195         nop
003B   0000           00196         nop
003C   0000           00197         nop
003D   0000           00198         nop
003E   0000           00199         nop
003F   0000           00200         nop
0040   149F           00201         bsf     ADCON0, 1
0041   189F           00202         btfsc   ADCON0, 1
0042   2841           00203         goto    $-1
                      00204 
0043   0008           00205         return
                      00206 
                      00207 
                      00208 ;***************************************************************************************************
0044                  00209 Start_TMR00
0044   30F8           00210         movlw   0xF8
0045   0081           00211         movwf   TMR0
MPASM  5.11                        TEST_1.ASM   6-26-2007  11:00:54         PAGE  5


LOC  OBJECT CODE     LINE SOURCE TEXT
  VALUE

0046   110B           00212         bcf     INTCON, 2
0047   0008           00213         return
                      00214 
0048                  00215 Start_TMR01
0048   30FF           00216         movlw   0xFF
0049   0081           00217         movwf   TMR0
004A   110B           00218         bcf     INTCON, 2
004B   0008           00219         return
                      00220 
                      00221 ;***************************************************************************************************
004C                  00222 Tab_Wert
004C   0782           00223         addwf   PCL, F
004D   3410           00224         retlw   d'16'   ; 0
004E   3410           00225         retlw   d'16'   ; 1
004F   3411           00226         retlw   d'17'   ; 2
0050   3412           00227         retlw   d'18'   ; 3
0051   3413           00228         retlw   d'19'   ; 4
0052   3414           00229         retlw   d'20'   ; 5
0053   3415           00230         retlw   d'21'   ; 6
0054   3416           00231         retlw   d'22'   ; 7
0055   3417           00232         retlw   d'23'   ; 8
0056   3418           00233         retlw   d'24'   ; 9
0057   3419           00234         retlw   d'25'   ; 10
0058   341A           00235         retlw   d'26'   ; 11
0059   341B           00236         retlw   d'27'   ; 12
005A   341C           00237         retlw   d'28'   ; 13
005B   341D           00238         retlw   d'29'   ; 14
005C   341E           00239         retlw   d'30'   ; 15
005D   341F           00240         retlw   d'31'   ; 16
005E   341F           00241         retlw   d'31'   ; 17
005F   3420           00242         retlw   d'32'   ; 18
0060   3421           00243         retlw   d'33'   ; 19
0061   3422           00244         retlw   d'34'   ; 20
0062   3423           00245         retlw   d'35'   ; 21
0063   3424           00246         retlw   d'36'   ; 22
0064   3425           00247         retlw   d'37'   ; 23
0065   3426           00248         retlw   d'38'   ; 24
0066   3427           00249         retlw   d'39'   ; 25
0067   3428           00250         retlw   d'40'   ; 26
0068   3429           00251         retlw   d'41'   ; 27
0069   342A           00252         retlw   d'42'   ; 28
006A   342B           00253         retlw   d'43'   ; 29
006B   342C           00254         retlw   d'44'   ; 30
006C   342D           00255         retlw   d'45'   ; 31
006D   342E           00256         retlw   d'46'   ; 32
006E   342E           00257         retlw   d'46'   ; 33
006F   342F           00258         retlw   d'47'   ; 34
0070   3430           00259         retlw   d'48'   ; 35
0071   3431           00260         retlw   d'49'   ; 36
0072   3432           00261         retlw   d'50'   ; 37
0073   3433           00262         retlw   d'51'   ; 38
0074   3434           00263         retlw   d'52'   ; 39
0075   3435           00264         retlw   d'53'   ; 40
MPASM  5.11                        TEST_1.ASM   6-26-2007  11:00:54         PAGE  6


LOC  OBJECT CODE     LINE SOURCE TEXT
  VALUE

0076   3436           00265         retlw   d'54'   ; 41
0077   3437           00266         retlw   d'55'   ; 42
0078   3438           00267         retlw   d'56'   ; 43
0079   3439           00268         retlw   d'57'   ; 44
007A   343A           00269         retlw   d'58'   ; 45
007B   343B           00270         retlw   d'59'   ; 46
007C   343C           00271         retlw   d'60'   ; 47
007D   343D           00272         retlw   d'61'   ; 48
007E   343D           00273         retlw   d'61'   ; 49
007F   343E           00274         retlw   d'62'   ; 50
0080   343F           00275         retlw   d'63'   ; 51
0081   3440           00276         retlw   d'64'   ; 52
0082   3441           00277         retlw   d'65'   ; 53
0083   3442           00278         retlw   d'66'   ; 54
0084   3443           00279         retlw   d'67'   ; 55
0085   3444           00280         retlw   d'68'   ; 56
0086   3445           00281         retlw   d'69'   ; 57
0087   3446           00282         retlw   d'70'   ; 58
0088   3447           00283         retlw   d'71'   ; 59
0089   3448           00284         retlw   d'72'   ; 60
008A   3449           00285         retlw   d'73'   ; 61
008B   344A           00286         retlw   d'74'   ; 62
008C   344B           00287         retlw   d'75'   ; 63
008D   344C           00288         retlw   d'76'   ; 64
008E   344C           00289         retlw   d'76'   ; 65
008F   344D           00290         retlw   d'77'   ; 66
0090   344E           00291         retlw   d'78'   ; 67
0091   344F           00292         retlw   d'79'   ; 68
0092   3450           00293         retlw   d'80'   ; 69
0093   3451           00294         retlw   d'81'   ; 70
0094   3452           00295         retlw   d'82'   ; 71
0095   3453           00296         retlw   d'83'   ; 72
0096   3454           00297         retlw   d'84'   ; 73
0097   3455           00298         retlw   d'85'   ; 74
0098   3456           00299         retlw   d'86'   ; 75
0099   3457           00300         retlw   d'87'   ; 76
009A   3458           00301         retlw   d'88'   ; 77
009B   3459           00302         retlw   d'89'   ; 78
009C   345A           00303         retlw   d'90'   ; 79
009D   345B           00304         retlw   d'91'   ; 80
009E   345B           00305         retlw   d'91'   ; 81
009F   345C           00306         retlw   d'92'   ; 82
00A0   345D           00307         retlw   d'93'   ; 83
00A1   345E           00308         retlw   d'94'   ; 84
00A2   345F           00309         retlw   d'95'   ; 85
00A3   3460           00310         retlw   d'96'   ; 86
00A4   3461           00311         retlw   d'97'   ; 87
00A5   3462           00312         retlw   d'98'   ; 88
00A6   3463           00313         retlw   d'99'   ; 89
00A7   3464           00314         retlw   d'100'  ; 90
00A8   3465           00315         retlw   d'101'  ; 91
00A9   3466           00316         retlw   d'102'  ; 92
00AA   3467           00317         retlw   d'103'  ; 93
MPASM  5.11                        TEST_1.ASM   6-26-2007  11:00:54         PAGE  7


LOC  OBJECT CODE     LINE SOURCE TEXT
  VALUE

00AB   3468           00318         retlw   d'104'  ; 94
00AC   3469           00319         retlw   d'105'  ; 95
00AD   346A           00320         retlw   d'106'  ; 96
00AE   346A           00321         retlw   d'106'  ; 97
00AF   346B           00322         retlw   d'107'  ; 98
00B0   346C           00323         retlw   d'108'  ; 99
00B1   346D           00324         retlw   d'109'  ; 100
00B2   346E           00325         retlw   d'110'  ; 101
00B3   346F           00326         retlw   d'111'  ; 102
00B4   3470           00327         retlw   d'112'  ; 103
00B5   3471           00328         retlw   d'113'  ; 104
00B6   3472           00329         retlw   d'114'  ; 105
00B7   3473           00330         retlw   d'115'  ; 106
00B8   3474           00331         retlw   d'116'  ; 107
00B9   3475           00332         retlw   d'117'  ; 108
00BA   3476           00333         retlw   d'118'  ; 109
00BB   3477           00334         retlw   d'119'  ; 110
00BC   3478           00335         retlw   d'120'  ; 111
00BD   3479           00336         retlw   d'121'  ; 112
00BE   3479           00337         retlw   d'121'  ; 113
00BF   347A           00338         retlw   d'122'  ; 114
00C0   347B           00339         retlw   d'123'  ; 115
00C1   347C           00340         retlw   d'124'  ; 116
00C2   347D           00341         retlw   d'125'  ; 117
00C3   347E           00342         retlw   d'126'  ; 118
00C4   347F           00343         retlw   d'127'  ; 119
00C5   3480           00344         retlw   d'128'  ; 120
00C6   3481           00345         retlw   d'129'  ; 121
00C7   3482           00346         retlw   d'130'  ; 122
00C8   3483           00347         retlw   d'131'  ; 123
00C9   3484           00348         retlw   d'132'  ; 124
00CA   3485           00349         retlw   d'133'  ; 125
00CB   3486           00350         retlw   d'134'  ; 126
00CC   3487           00351         retlw   d'135'  ; 127
00CD   3488           00352         retlw   d'136'  ; 128
00CE   3488           00353         retlw   d'136'  ; 129
00CF   3489           00354         retlw   d'137'  ; 130
00D0   348A           00355         retlw   d'138'  ; 131
00D1   348B           00356         retlw   d'139'  ; 132
00D2   348C           00357         retlw   d'140'  ; 133
00D3   348D           00358         retlw   d'141'  ; 134
00D4   348E           00359         retlw   d'142'  ; 135
00D5   348F           00360         retlw   d'143'  ; 136
00D6   3490           00361         retlw   d'144'  ; 137
00D7   3491           00362         retlw   d'145'  ; 138
00D8   3492           00363         retlw   d'146'  ; 139
00D9   3493           00364         retlw   d'147'  ; 140
00DA   3494           00365         retlw   d'148'  ; 141
00DB   3495           00366         retlw   d'149'  ; 142
00DC   3496           00367         retlw   d'150'  ; 143
00DD   3497           00368         retlw   d'151'  ; 144
00DE   3497           00369         retlw   d'151'  ; 145
00DF   3498           00370         retlw   d'152'  ; 146
MPASM  5.11                        TEST_1.ASM   6-26-2007  11:00:54         PAGE  8


LOC  OBJECT CODE     LINE SOURCE TEXT
  VALUE

00E0   3499           00371         retlw   d'153'  ; 147
00E1   349A           00372         retlw   d'154'  ; 148
00E2   349B           00373         retlw   d'155'  ; 149
00E3   349C           00374         retlw   d'156'  ; 150
00E4   349D           00375         retlw   d'157'  ; 151
00E5   349E           00376         retlw   d'158'  ; 152
00E6   349F           00377         retlw   d'159'  ; 153
00E7   34A0           00378         retlw   d'160'  ; 154
00E8   34A1           00379         retlw   d'161'  ; 155
00E9   34A2           00380         retlw   d'162'  ; 156
00EA   34A3           00381         retlw   d'163'  ; 157
00EB   34A4           00382         retlw   d'164'  ; 158
00EC   34A5           00383         retlw   d'165'  ; 159
00ED   34A6           00384         retlw   d'166'  ; 160
00EE   34A6           00385         retlw   d'166'  ; 161
00EF   34A7           00386         retlw   d'167'  ; 162
00F0   34A8           00387         retlw   d'168'  ; 163
00F1   34A9           00388         retlw   d'169'  ; 164
00F2   34AA           00389         retlw   d'170'  ; 165
00F3   34AB           00390         retlw   d'171'  ; 166
00F4   34AC           00391         retlw   d'172'  ; 167
00F5   34AD           00392         retlw   d'173'  ; 168
00F6   34AE           00393         retlw   d'174'  ; 169
00F7   34AF           00394         retlw   d'175'  ; 170
00F8   34B0           00395         retlw   d'176'  ; 171
00F9   34B1           00396         retlw   d'177'  ; 172
00FA   34B2           00397         retlw   d'178'  ; 173
00FB   34B3           00398         retlw   d'179'  ; 174
00FC   34B4           00399         retlw   d'180'  ; 175
00FD   34B5           00400         retlw   d'181'  ; 176
00FE   34B5           00401         retlw   d'181'  ; 177
00FF   34B6           00402         retlw   d'182'  ; 178
0100   34B7           00403         retlw   d'183'  ; 179
0101   34B8           00404         retlw   d'184'  ; 180
0102   34B9           00405         retlw   d'185'  ; 181
0103   34BA           00406         retlw   d'186'  ; 182
0104   34BB           00407         retlw   d'187'  ; 183
0105   34BC           00408         retlw   d'188'  ; 184
0106   34BD           00409         retlw   d'189'  ; 185
0107   34BE           00410         retlw   d'190'  ; 186
0108   34BF           00411         retlw   d'191'  ; 187
0109   34C0           00412         retlw   d'192'  ; 188
010A   34C1           00413         retlw   d'193'  ; 189
010B   34C2           00414         retlw   d'194'  ; 190
010C   34C3           00415         retlw   d'195'  ; 191
010D   34C4           00416         retlw   d'196'  ; 192
010E   34C4           00417         retlw   d'196'  ; 193
010F   34C5           00418         retlw   d'197'  ; 194
0110   34C6           00419         retlw   d'198'  ; 195
0111   34C7           00420         retlw   d'199'  ; 196
0112   34C8           00421         retlw   d'200'  ; 197
0113   34C9           00422         retlw   d'201'  ; 198
0114   34CA           00423         retlw   d'202'  ; 199
MPASM  5.11                        TEST_1.ASM   6-26-2007  11:00:54         PAGE  9


LOC  OBJECT CODE     LINE SOURCE TEXT
  VALUE

0115   34CB           00424         retlw   d'203'  ; 200
0116   34CC           00425         retlw   d'204'  ; 201
0117   34CD           00426         retlw   d'205'  ; 202
0118   34CE           00427         retlw   d'206'  ; 203
0119   34CF           00428         retlw   d'207'  ; 204
011A   34D0           00429         retlw   d'208'  ; 205
011B   34D1           00430         retlw   d'209'  ; 206
011C   34D2           00431         retlw   d'210'  ; 207
011D   34D3           00432         retlw   d'211'  ; 208
011E   34D3           00433         retlw   d'211'  ; 209
011F   34D4           00434         retlw   d'212'  ; 210
0120   34D5           00435         retlw   d'213'  ; 211
0121   34D6           00436         retlw   d'214'  ; 212
0122   34D7           00437         retlw   d'215'  ; 213
0123   34D8           00438         retlw   d'216'  ; 214
0124   34D9           00439         retlw   d'217'  ; 215
0125   34DA           00440         retlw   d'218'  ; 216
0126   34DB           00441         retlw   d'219'  ; 217
0127   34DC           00442         retlw   d'220'  ; 218
0128   34DD           00443         retlw   d'221'  ; 219
0129   34DE           00444         retlw   d'222'  ; 220
012A   34DF           00445         retlw   d'223'  ; 221
012B   34E0           00446         retlw   d'224'  ; 222
012C   34E1           00447         retlw   d'225'  ; 223
012D   34E2           00448         retlw   d'226'  ; 224
012E   34E2           00449         retlw   d'226'  ; 225
012F   34E3           00450         retlw   d'227'  ; 226
0130   34E4           00451         retlw   d'228'  ; 227
0131   34E5           00452         retlw   d'229'  ; 228
0132   34E6           00453         retlw   d'230'  ; 229
0133   34E7           00454         retlw   d'231'  ; 230
0134   34E8           00455         retlw   d'232'  ; 231
0135   34E9           00456         retlw   d'233'  ; 232
0136   34EA           00457         retlw   d'234'  ; 233
0137   34EB           00458         retlw   d'235'  ; 234
0138   34EC           00459         retlw   d'236'  ; 235
0139   34ED           00460         retlw   d'237'  ; 236
013A   34EE           00461         retlw   d'238'  ; 237
013B   34EF           00462         retlw   d'239'  ; 238
013C   34F0           00463         retlw   d'240'  ; 239
013D   34F1           00464         retlw   d'241'  ; 240
013E   34F1           00465         retlw   d'241'  ; 241
013F   34F2           00466         retlw   d'242'  ; 242
0140   34F3           00467         retlw   d'243'  ; 243
0141   34F4           00468         retlw   d'244'  ; 244
0142   34F5           00469         retlw   d'245'  ; 245
0143   34F6           00470         retlw   d'246'  ; 246
0144   34F7           00471         retlw   d'247'  ; 247
0145   34F8           00472         retlw   d'248'  ; 248
0146   34F9           00473         retlw   d'249'  ; 249
0147   34FA           00474         retlw   d'250'  ; 250
0148   34FB           00475         retlw   d'251'  ; 251
0149   34FC           00476         retlw   d'252'  ; 252
MPASM  5.11                        TEST_1.ASM   6-26-2007  11:00:54         PAGE 10


LOC  OBJECT CODE     LINE SOURCE TEXT
  VALUE

014A   34FD           00477         retlw   d'253'  ; 253
014B   34FE           00478         retlw   d'254'  ; 254
014C   34FF           00479         retlw   d'255'  ; 255
                      00480 
                      00481 ;***************************************************************************************************
                      00482 ;***************************************************************************************************
                      00483         END
MPASM  5.11                        TEST_1.ASM   6-26-2007  11:00:54         PAGE 11


SYMBOL TABLE
  LABEL                             VALUE 

ADCON0                            1F
ADRESH                            1E
ADRESL                            1E
ANSEL                             1F
C                                 00
CMCON                             19
F                                 01
FSR                               04
Flag_ON                           20,0
GPIO                              05
INTCON                            0B
Merker                            24
OPTION_REG                        01
OSCCAL                            10
PCL                               02
PCLATH                            0A
PCLATH_TEMP                       5F
PIE1                              0C
PIR1                              0C
Periode1                          22
Periode2                          23
STATUS                            03
STATUS_TEMP                       5E
Spannung                          b'00000001'
Start_TMR00                       00000044
Start_TMR01                       00000048
Stellwert                         21
Stellwert_S                       25
T1CON                             10
TMR0                              01
TMR1H                             0F
TMR1L                             0E
TRIS0                             05
Tab_Wert                          0000004C
Temperatur                        b'10001101'
VRCON                             19
W                                 00
W_TEMP                            5D
Wert1                             d'255'
Wert2                             d'1'
Z                                 02
Zaehler                           26
__12F675                          00000001
main                              0000002D
read_T                            00000038
start                             00000005
MPASM  5.11                        TEST_1.ASM   6-26-2007  11:00:54         PAGE 12


MEMORY USAGE MAP ('X' = Used,  '-' = Unused)


0000 : XXX-XXXXXXXXXXXX XXXXXXXXXXXXXXXX XXXXXXXXXXXXXXXX XXXXXXXXXXXXXXXX
0040 : XXXXXXXXXXXXXXXX XXXXXXXXXXXXXXXX XXXXXXXXXXXXXXXX XXXXXXXXXXXXXXXX
0080 : XXXXXXXXXXXXXXXX XXXXXXXXXXXXXXXX XXXXXXXXXXXXXXXX XXXXXXXXXXXXXXXX
00C0 : XXXXXXXXXXXXXXXX XXXXXXXXXXXXXXXX XXXXXXXXXXXXXXXX XXXXXXXXXXXXXXXX
0100 : XXXXXXXXXXXXXXXX XXXXXXXXXXXXXXXX XXXXXXXXXXXXXXXX XXXXXXXXXXXXXXXX
0140 : XXXXXXXXXXXXX--- ---------------- ---------------- ----------------
2000 : XXXX---X-------- ---------------- ---------------- ----------------

All other memory blocks unused.

Program Memory Words Used:   332
Program Memory Words Free:   692


Errors   :     0
Warnings :     0 reported,     0 suppressed
Messages :     0 reported,     0 suppressed

